✔ H2 preserves body sketch and superseding operator comment with explicit precedence (14.518084ms)
✔ unchanged-body control never invents an operator ruling or body amendment (1.037542ms)
✔ all comment pages are retained and operator identity is never inferred from association (0.739542ms)
✔ inaccessible and silently truncated comment sets cannot certify completeness (0.860458ms)
✔ unlisted linked artifact creates an explicit unread gap, including comment-only relative evidence (0.273625ms)
✔ read links need preserved bytes and identity; unavailable links stay visible (0.910625ms)
✔ finite pagination refuses cycles, limits, and cross-origin credential forwarding (0.631292ms)
✔ identity mismatch, malformed comments, repeated IDs, and advertised truncation fail closed (0.394458ms)
✔ source byte limit and deadline retain incomplete outcomes (5.744709ms)
✔ shorthand issue and relative Markdown references are accounted for without fetching (0.211125ms)
✔ a transport that ignores cancellation cannot append evidence after timeout (5.435375ms)
✔ pre-cancelled external signal prevents all issue transport calls (0.188708ms)
✔ external cancellation returns without waiting for a transport that ignores its signal (0.51575ms)
✔ streaming byte limit cancels input as soon as the limit is crossed (0.514958ms)
✔ external cancellation interrupts a stalled streaming read and preserves prior issue evidence (0.307459ms)
✔ known-clean analysis requires actual scoped result and preserves originals (995.531291ms)
✔ seeded defect is independently confirmed and BLOCKED; stamps cannot enter from seats (813.473291ms)
✔ no-op cannot certify coverage (636.248ms)
✔ off-target cannot certify coverage (651.701416ms)
✔ missing-evidence cannot certify coverage (661.908083ms)
✔ false-pass cannot certify coverage (651.987334ms)
✔ wrong-technique cannot certify coverage (657.081125ms)
✔ dead confirmation stays incomplete with first finding retained (788.160166ms)
✔ independent refutation retains both observations and yields notes (748.169834ms)
✔ initial attempts do not consume optional retries; all selected probes attempted (955.58875ms)
✔ unsupported or missing profile gives explicit incomplete initialization with no fake attempt (1057.394291ms)
✔ exact inherited profile works; explicit selection takes precedence (632.676041ms)
✔ empty selection, reused evidence and metadata output are refused (774.980292ms)
✔ dirty state is preserved, not laundered into a passing snapshot (478.3935ms)
✔ linked-worktree proof refs and source edits stay inside independent metadata (773.641666ms)
✔ escaping symlink refuses provisioning without changing target (334.750542ms)
✔ foreign mutation detected and retained without automatic cleanup (691.793167ms)
✔ cancel before dispatch records incomplete, zero attempted seats (528.51175ms)
✔ canonical adjudication distinguishes patched from reproven; gaps outrank stamps (0.207917ms)
✔ real transport records JSONL, enforces sandbox args and disables inherited capabilities (599.126541ms)
✔ real successful no-op and malformed JSON transports cannot return a usable result (1001.113791ms)
✔ real timeout and cancellation settle without widening or retry (350.6415ms)
✔ uncertain cleanup retains owned root and forbids a retry (645.047791ms)
✔ source gaps stay incomplete even when every probe passes (650.227833ms)
✔ source and environment gaps cannot be erased by canonical gate repipe (653.728ms)
✔ explicit invocation and every packaged reference resolve locally (0.748292ms)
✔ H1 scenario has a real omitted sibling and legitimate different control (0.969375ms)
✔ H3 scenario exposes stale enforcement and a paraphrased obligation (1.670917ms)
✔ H4 routing identifies role-specific references and load triggers (0.293709ms)
✔ H4 full guidance reaches initial and independent confirmation launches (908.568625ms)
✔ evidence and repair guidance preserve initial attempts and coverage authority (0.196334ms)
✔ host guidance does not conflate fixtures, installation, or independent review (0.083917ms)
ℹ tests 47
ℹ suites 0
ℹ pass 47
ℹ fail 0
ℹ cancelled 0
ℹ skipped 0
ℹ todo 0
ℹ duration_ms 16806.554333
