✔ H2 preserves body sketch and superseding operator comment with explicit precedence (16.928166ms)
✔ unchanged-body control never invents an operator ruling or body amendment (1.0805ms)
✔ all comment pages are retained and operator identity is never inferred from association (0.814959ms)
✔ inaccessible and silently truncated comment sets cannot certify completeness (1.157417ms)
✔ unlisted linked artifact creates an explicit unread gap, including comment-only relative evidence (1.445625ms)
✔ read links need preserved bytes and identity; unavailable links stay visible (0.645042ms)
✔ finite pagination refuses cycles, limits, and cross-origin credential forwarding (0.795125ms)
✔ identity mismatch, malformed comments, repeated IDs, and advertised truncation fail closed (0.454208ms)
✔ source byte limit and deadline retain incomplete outcomes (5.176125ms)
✔ shorthand issue and relative Markdown references are accounted for without fetching (0.173959ms)
✔ a transport that ignores cancellation cannot append evidence after timeout (6.584333ms)
✔ pre-cancelled external signal prevents all issue transport calls (0.202834ms)
✔ external cancellation returns without waiting for a transport that ignores its signal (0.779541ms)
✔ streaming byte limit cancels input as soon as the limit is crossed (0.649583ms)
✔ external cancellation interrupts a stalled streaming read and preserves prior issue evidence (0.364666ms)
✔ known operator measurement and suggestion remain unclassified evidence, never rulings (0.213292ms)
✔ total intake bound spans individually valid response pages (0.213166ms)
✔ rejected oversized linked artifact leaves room for later small evidence (0.19475ms)
✔ known-clean analysis requires actual scoped result and preserves originals (3064.883417ms)
✔ seeded defect is independently confirmed and BLOCKED; stamps cannot enter from seats (1784.966333ms)
✔ no-op cannot certify coverage (1228.205541ms)
✔ off-target cannot certify coverage (1169.9275ms)
✔ missing-evidence cannot certify coverage (1308.273ms)
✔ false-pass cannot certify coverage (1266.390583ms)
✔ wrong-technique cannot certify coverage (1133.499625ms)
✔ dead confirmation stays incomplete with first finding retained (1267.361791ms)
✔ independent refutation retains both observations and yields notes (1249.215291ms)
✔ initial attempts do not consume optional retries; all selected probes attempted (1601.667125ms)
✔ unsupported or missing profile gives explicit incomplete initialization with no fake attempt (1859.533834ms)
✔ exact inherited profile works; explicit selection takes precedence (1112.825ms)
✔ empty selection, reused evidence and metadata output are refused (1366.269791ms)
✔ dirty state is preserved, not laundered into a passing snapshot (845.202ms)
✔ linked-worktree proof refs and source edits stay inside independent metadata (1225.368417ms)
✔ escaping symlink refuses provisioning without changing target (400.850625ms)
✔ foreign mutation detected and retained without automatic cleanup (1125.556833ms)
✔ cancel before dispatch records incomplete, zero attempted seats (897.957334ms)
✔ canonical adjudication distinguishes patched from reproven; gaps outrank stamps (0.235458ms)
✔ real transport records JSONL, enforces sandbox args and disables inherited capabilities (378.746917ms)
✔ real successful no-op and malformed JSON transports cannot return a usable result (1185.680166ms)
✔ real timeout and cancellation settle without widening or retry (353.997917ms)
✔ uncertain cleanup retains owned root and forbids a retry (1035.502084ms)
✔ source gaps stay incomplete even when every probe passes (1071.50725ms)
✔ source and environment gaps cannot be erased by canonical gate repipe (1087.786375ms)
✔ mixed findings get independent confirmations and retain only the reproduced blocker (1360.7025ms)
✔ target guard detects config without cleanup (1147.966958ms)
✔ target guard detects other-ref without cleanup (1149.054458ms)
✔ target guard detects ignored-content without cleanup (1125.438375ms)
✔ operative scope consistently names isolated repository for probes and confirmation (1205.205458ms)
✔ prompt larger than argv capacity reaches real process stdin with exact bytes (343.169083ms)
✔ confirmation projection contains no live checkout anchor and saved identity is runner-owned (1222.453583ms)
✔ coordinator inspection cannot run a target fsmonitor or clean filter (1444.321417ms)
✔ coordinator checkout does not inherit user-configured smudge filters (483.822042ms)
✔ runner archives raw pages even when duplicated archive is larger than role projection (1526.2535ms)
✔ explicit invocation and every packaged reference resolve locally (0.874833ms)
✔ H1 scenario has a real omitted sibling and legitimate different control (0.944792ms)
✔ H3 scenario exposes stale enforcement and a paraphrased obligation (1.563667ms)
✔ H4 routing identifies role-specific references and load triggers (0.274917ms)
✔ H4 full guidance reaches initial and independent confirmation launches (2650.080542ms)
✔ evidence and repair guidance preserve initial attempts and coverage authority (0.153292ms)
✔ host guidance does not conflate fixtures, installation, or independent review (0.07925ms)
✔ host request options exclude unsupported capacity (0.109667ms)
ℹ tests 61
ℹ suites 0
ℹ pass 61
ℹ fail 0
ℹ cancelled 0
ℹ skipped 0
ℹ todo 0
ℹ duration_ms 40169.677792
