✔ H2 preserves body sketch and superseding operator comment with explicit precedence (14.683584ms)
✔ unchanged-body control never invents an operator ruling or body amendment (1.082042ms)
✔ all comment pages are retained and operator identity is never inferred from association (0.735917ms)
✔ inaccessible and silently truncated comment sets cannot certify completeness (0.7905ms)
✔ unlisted linked artifact creates an explicit unread gap, including comment-only relative evidence (0.716417ms)
✔ read links need preserved bytes and identity; unavailable links stay visible (0.461375ms)
✔ finite pagination refuses cycles, limits, and cross-origin credential forwarding (0.607459ms)
✔ identity mismatch, malformed comments, repeated IDs, and advertised truncation fail closed (0.390084ms)
✔ source byte limit and deadline retain incomplete outcomes (5.921167ms)
✔ shorthand issue and relative Markdown references are accounted for without fetching (0.24075ms)
✔ a transport that ignores cancellation cannot append evidence after timeout (7.221084ms)
✔ pre-cancelled external signal prevents all issue transport calls (0.197917ms)
✔ external cancellation returns without waiting for a transport that ignores its signal (0.4855ms)
✔ streaming byte limit cancels input as soon as the limit is crossed (0.49975ms)
✔ external cancellation interrupts a stalled streaming read and preserves prior issue evidence (0.301583ms)
✔ known operator measurement and suggestion remain unclassified evidence, never rulings (0.186375ms)
✔ total intake bound spans individually valid response pages (0.195917ms)
✔ rejected oversized linked artifact leaves room for later small evidence (0.1965ms)
✔ known-clean analysis requires actual scoped result and preserves originals (1681.635958ms)
✔ seeded defect is independently confirmed and BLOCKED; stamps cannot enter from seats (1263.9285ms)
✔ no-op cannot certify coverage (1018.871167ms)
✔ off-target cannot certify coverage (1039.217583ms)
✔ missing-evidence cannot certify coverage (1057.379917ms)
✔ false-pass cannot certify coverage (1078.388708ms)
✔ wrong-technique cannot certify coverage (1028.600834ms)
✔ dead confirmation stays incomplete with first finding retained (1168.19675ms)
✔ independent refutation retains both observations and yields notes (1171.801875ms)
✔ initial attempts do not consume optional retries; all selected probes attempted (1458.290292ms)
✔ unsupported or missing profile gives explicit incomplete initialization with no fake attempt (1751.080583ms)
✔ exact inherited profile works; explicit selection takes precedence (1021.099041ms)
✔ empty selection, reused evidence and metadata output are refused (1300.268916ms)
✔ dirty state is preserved, not laundered into a passing snapshot (783.818584ms)
✔ linked-worktree proof refs and source edits stay inside independent metadata (1152.5795ms)
✔ escaping symlink refuses provisioning without changing target (372.09325ms)
✔ foreign mutation detected and retained without automatic cleanup (1073.232333ms)
✔ cancel before dispatch records incomplete, zero attempted seats (866.679959ms)
✔ canonical adjudication distinguishes patched from reproven; gaps outrank stamps (0.3375ms)
✔ real transport records JSONL, enforces sandbox args and disables inherited capabilities (704.895667ms)
✔ real successful no-op and malformed JSON transports cannot return a usable result (1350.968958ms)
✔ real timeout and cancellation settle without widening or retry (345.760708ms)
✔ uncertain cleanup retains owned root and forbids a retry (1036.987875ms)
✔ source gaps stay incomplete even when every probe passes (1016.497791ms)
✔ source and environment gaps cannot be erased by canonical gate repipe (1017.422708ms)
✔ mixed findings get independent confirmations and retain only the reproduced blocker (1320.211958ms)
✔ target guard detects config without cleanup (1101.488959ms)
✔ target guard detects other-ref without cleanup (1124.293459ms)
✔ target guard detects ignored-content without cleanup (1076.112917ms)
✔ operative scope consistently names isolated repository for probes and confirmation (1186.627208ms)
✔ prompt larger than argv capacity reaches real process stdin with exact bytes (411.289834ms)
✔ confirmation projection contains no live checkout anchor and saved identity is runner-owned (1174.369542ms)
✔ coordinator inspection cannot run a target fsmonitor or clean filter (1361.266416ms)
✔ coordinator checkout does not inherit user-configured smudge filters (418.128625ms)
✔ runner archives raw pages even when duplicated archive is larger than role projection (1173.795916ms)
✔ role overflow keeps every fetched issue page and starts no fabricated attempt (1136.056459ms)
✔ target guard detects dangling-object (1033.4425ms)
✔ target guard detects alternates (1039.635167ms)
✔ model provenance cannot hide an independently confirmed Major (1157.847375ms)
✔ mandatory initial probe and candidate attempts precede retries (2852.198667ms)
✔ explicit invocation and every packaged reference resolve locally (0.694583ms)
✔ H1 scenario has a real omitted sibling and legitimate different control (0.842958ms)
✔ H3 scenario exposes stale enforcement and a paraphrased obligation (1.3535ms)
✔ H4 routing identifies role-specific references and load triggers (0.227791ms)
✔ H4 full guidance reaches initial and independent confirmation launches (1501.527ms)
✔ evidence and repair guidance preserve initial attempts and coverage authority (0.175875ms)
✔ host guidance does not conflate fixtures, installation, or independent review (0.082375ms)
✔ host request options exclude unsupported capacity (0.112292ms)
ℹ tests 66
ℹ suites 0
ℹ pass 66
ℹ fail 0
ℹ cancelled 0
ℹ skipped 0
ℹ todo 0
ℹ duration_ms 43413.236084
