✔ H2 preserves body sketch and superseding operator comment with explicit precedence (13.559917ms)
✔ unchanged-body control never invents an operator ruling or body amendment (1.343334ms)
✔ all comment pages are retained and operator identity is never inferred from association (0.790291ms)
✔ inaccessible and silently truncated comment sets cannot certify completeness (0.843458ms)
✔ unlisted linked artifact creates an explicit unread gap, including comment-only relative evidence (0.738458ms)
✔ read links need preserved bytes and identity; unavailable links stay visible (0.6145ms)
✔ finite pagination refuses cycles, limits, and cross-origin credential forwarding (0.705417ms)
✔ identity mismatch, malformed comments, repeated IDs, and advertised truncation fail closed (0.414666ms)
✔ source byte limit and deadline retain incomplete outcomes (6.047958ms)
✔ shorthand issue and relative Markdown references are accounted for without fetching (0.161958ms)
✔ a transport that ignores cancellation cannot append evidence after timeout (5.220667ms)
✔ pre-cancelled external signal prevents all issue transport calls (0.175917ms)
✔ external cancellation returns without waiting for a transport that ignores its signal (0.603042ms)
✔ streaming byte limit cancels input as soon as the limit is crossed (0.50425ms)
✔ external cancellation interrupts a stalled streaming read and preserves prior issue evidence (0.304542ms)
✔ known operator measurement and suggestion remain unclassified evidence, never rulings (0.187792ms)
✔ total intake bound spans individually valid response pages (0.16025ms)
✔ known-clean analysis requires actual scoped result and preserves originals (960.118709ms)
✔ seeded defect is independently confirmed and BLOCKED; stamps cannot enter from seats (833.003542ms)
✔ no-op cannot certify coverage (645.710917ms)
✔ off-target cannot certify coverage (638.262834ms)
✔ missing-evidence cannot certify coverage (638.069208ms)
✔ false-pass cannot certify coverage (637.470333ms)
✔ wrong-technique cannot certify coverage (643.435375ms)
✔ dead confirmation stays incomplete with first finding retained (757.160292ms)
✔ independent refutation retains both observations and yields notes (743.495458ms)
✔ initial attempts do not consume optional retries; all selected probes attempted (970.379ms)
✔ unsupported or missing profile gives explicit incomplete initialization with no fake attempt (1064.148375ms)
✔ exact inherited profile works; explicit selection takes precedence (632.916458ms)
✔ empty selection, reused evidence and metadata output are refused (784.301958ms)
✔ dirty state is preserved, not laundered into a passing snapshot (483.394917ms)
✔ linked-worktree proof refs and source edits stay inside independent metadata (786.996458ms)
✔ escaping symlink refuses provisioning without changing target (347.578ms)
✔ foreign mutation detected and retained without automatic cleanup (826.560292ms)
✔ cancel before dispatch records incomplete, zero attempted seats (543.981625ms)
✔ canonical adjudication distinguishes patched from reproven; gaps outrank stamps (0.204167ms)
✔ real transport records JSONL, enforces sandbox args and disables inherited capabilities (776.623625ms)
✔ real successful no-op and malformed JSON transports cannot return a usable result (1132.798042ms)
✔ real timeout and cancellation settle without widening or retry (347.489792ms)
✔ uncertain cleanup retains owned root and forbids a retry (643.904417ms)
✔ source gaps stay incomplete even when every probe passes (647.969083ms)
✔ source and environment gaps cannot be erased by canonical gate repipe (646.021417ms)
✔ mixed findings get independent confirmations and retain only the reproduced blocker (873.290042ms)
✔ target guard detects config without cleanup (734.878792ms)
✔ target guard detects other-ref without cleanup (731.353458ms)
✔ target guard detects ignored-content without cleanup (713.600959ms)
✔ operative scope consistently names isolated repository for probes and confirmation (759.46625ms)
✔ prompt larger than argv capacity reaches real process stdin with exact bytes (345.05625ms)
✔ explicit invocation and every packaged reference resolve locally (0.6525ms)
✔ H1 scenario has a real omitted sibling and legitimate different control (0.874958ms)
✔ H3 scenario exposes stale enforcement and a paraphrased obligation (1.429041ms)
✔ H4 routing identifies role-specific references and load triggers (0.277708ms)
✔ H4 full guidance reaches initial and independent confirmation launches (880.343ms)
✔ evidence and repair guidance preserve initial attempts and coverage authority (0.193208ms)
✔ host guidance does not conflate fixtures, installation, or independent review (0.087541ms)
ℹ tests 55
ℹ suites 0
ℹ pass 55
ℹ fail 0
ℹ cancelled 0
ℹ skipped 0
ℹ todo 0
ℹ duration_ms 21363.516167
