✔ verdict CLEARED on no findings (1.15275ms)
✔ verdict CLEARED-WITH-NOTES on minors only (0.16125ms)
✔ verdict BLOCKED on a Major (0.096333ms)
✔ verdict BLOCKED on a Critical (0.191875ms)
✔ verdict BLOCKED on a needsDecision even at Minor severity (0.13625ms)
✔ classify buckets by severity and needsDecision (0.13875ms)
✔ dedupe drops identical findings (0.071958ms)
✔ dedupe keeps distinct planRefs (0.059375ms)
✔ allFindings flattens probe results and tags the probe (0.129542ms)
✔ summarize counts techniques and statuses (0.16775ms)
✔ normalizeTitle strips leading #, collapses whitespace, lowercases (0.159833ms)
✔ isOnTarget true when title matches and path is absolute under repo (0.112459ms)
✔ isOnTarget false when the attested title is a different plan (the drift signal) (0.064208ms)
✔ isOnTarget false when resolved_path is outside repo (0.041583ms)
✔ isOnTarget false when resolved_path is not absolute (0.049417ms)
✔ isOnTarget false when read_anchor is missing (required attestation absent) (0.042667ms)
✔ isOnTarget true (back-compat) when no fingerprint is supplied (0.038458ms)
✔ classifyCoverage splits on-target / off-target / dropped (0.469125ms)
✔ isIncomplete true when a probe is off-target (0.050083ms)
✔ isIncomplete true when a probe was dropped (0.058542ms)
✔ isIncomplete true when fewer probes ran than expected (0.039209ms)
✔ isIncomplete false on full on-target coverage (0.06375ms)
✔ verdict INCOMPLETE when an off-target probe is present, never CLEARED (F1/F3) (0.071542ms)
✔ verdict INCOMPLETE when a probe was dropped, never CLEARED (F2) (0.045ms)
✔ off-target findings are discarded — they never reach classify/verdict (0.0395ms)
✔ verdict CLEARED on full on-target coverage with no findings (preserves today) (0.045167ms)
✔ verdict BLOCKED on full coverage with an on-target Major (non-pass probe) (0.054167ms)
✔ verdict back-compat: no coverage arg behaves as today (0.055875ms)
✔ summarize with coverage reports expected / onTarget / offTarget / dropped (0.061541ms)
✔ allFindings threads probeStatus from parent probe (0.045542ms)
✔ Critical from a pass probe → NOT a blocker (CLEARED) (0.057708ms)
✔ Critical from a fail probe → IS a blocker (BLOCKED) (0.043125ms)
✔ needsDecision from a pass probe → still BLOCKED (0.044084ms)
✔ bare Major (no probeStatus) → back-compat still BLOCKED (0.046666ms)
✔ severity-less finding on a fail probe → needsDecision + BLOCKED (not silently dropped) (0.05025ms)
✔ severity-less finding on a pass probe → NOT a blocker, does not force BLOCKED (preserves #50) (0.057666ms)
✔ two DISTINCT severity-less findings on a fail probe → TWO needsDecision entries (not deduped to one) (0.042333ms)
✔ unwrapEnvelope returns .result for the harness task-output envelope shape (0.446334ms)
✔ unwrapEnvelope returns a direct object (its own probeResults) unchanged (0.035625ms)
✔ unwrapEnvelope returns an array unchanged (0.023583ms)
✔ unwrapEnvelope: a top-level probeResults wins over a nested .result (0.025833ms)
✔ unwrapEnvelope does NOT unwrap when .result is not an object-with-probeResults (falls to floor) (0.032ms)
✔ CLI: envelope wrapping the full scaffold return with a fail Critical → exit 0, BLOCKED, probe counted (#587 repro inverted) (44.175542ms)
✔ CLI: coverage-null envelope (no fingerprint/expected) with the same fail Critical → still BLOCKED (41.901833ms)
✔ CLI: zero-probe input via --stdin (empty object) → non-zero exit, zero-probe stderr, no verdict on stdout (45.594291ms)
✔ CLI: zero-probe input via --stdin (empty-result envelope) → non-zero exit, zero-probe stderr, no verdict on stdout (42.894958ms)
✔ CLI: zero-probe input via --stdin (empty array) → non-zero exit, zero-probe stderr, no verdict on stdout (41.312417ms)
✔ CLI: zero-probe input via the file argument (not --stdin) → same refusal (mode-independent) (41.515458ms)
✔ SKILL.md step 4 names both accepted input shapes, the .result unwrap, and the zero-probe refusal (0.263792ms)
✔ D3: a Critical deliverableAbsence finding is absent from blockers (end state 3) (0.08275ms)
✔ D3: deliverableAbsence excludes from blockers regardless of probe status (0.056917ms)
✔ D3: a deliverableAbsence finding surfaces as a Minor note (not silently dropped) (0.037167ms)
✔ D3: keys on the TYPED flag only — the SAME finding WITHOUT the flag still blocks (delete-and-trace) (0.049875ms)
✔ D3: deliverableAbsence:false is honored as untagged (only ===true demotes) (0.034042ms)
✔ end state 4: 16 deliverable-absence Criticals from an impl-plan run → verdict NOT BLOCKED (0.083458ms)
✔ 1a: a Critical envGap finding is absent from blockers (end state 1a) (0.04925ms)
✔ 1a: envGap excludes from blockers regardless of probe status (0.044667ms)
✔ 1b: an envGap finding surfaces as a Minor note (never silently dropped) (0.032708ms)
✔ 1c: a severity-less envGap note on a non-pass probe lands in minors, NOT needsDecision (deleting the envGap demotion branch reds it) (0.0525ms)
✔ 1d: keys on the TYPED flag only — the SAME Critical WITHOUT the flag still blocks (delete-and-trace) (0.041292ms)
✔ 1d: envGap:false is honored as untagged (only ===true demotes) (0.03025ms)
✔ 1d: a truthy non-boolean (envGap:'true' string) is untagged — only strict ===true demotes (0.02825ms)
✔ 1e: a finding carrying BOTH deliverableAbsence:true AND envGap:true demotes to exactly one Minor (0.040375ms)
✔ 1f: envGap:true + agent-set needsDecision:true STILL blocks via the needsDecision bucket — BY DESIGN, do not "fix" (0.052917ms)
✔ 1g: two severity-less env-gap notes from TWO probes both survive dedupe → two minors; from ONE probe collapse to one (fallback-key probe component) (0.062459ms)
✔ D7(a): the ONLY probe status that demotes a Critical/Major is "pass" (demoting set is exactly {pass}) (0.058958ms)
✔ D7(b): the two-contract sentence is pinned in BOTH workflow-scaffold.js and lenses.md (0.252166ms)
✔ adj: every blocker carries the flag → the adjudicated verdict, and classify() still lists them (0.053208ms)
✔ adj: one unadjudicated blocker beside adjudicated ones → BLOCKED (0.04275ms)
✔ adj: an adjudicated needsDecision settles the gate via the needsDecision bucket (0.04325ms)
✔ adj: an UNadjudicated needsDecision holds the gate at BLOCKED even beside adjudicated blockers (0.034584ms)
✔ adj: zero blockers + an ADJUDICATED Minor note → CLEARED-WITH-NOTES, never the adjudicated verdict (0.032875ms)
✔ adj: adjudicated blockers + an UNSTAMPED Minor note → still adjudicated (minors are never scanned) (0.03275ms)
✔ adj: strict === true — the string 'true' and false are both untagged (delete-and-trace) (0.045041ms)
✔ adj: no flag anywhere → the pre-change verdict table, unchanged (0.060958ms)
✔ adj: a coverage gap outranks the adjudicated arm — the SAME finding set settles both ways (0.083291ms)
✔ routeUpstream arm 1: rounds >= roundLimit with an unstamped blocker open → true (verdict BLOCKED) (0.664625ms)
✔ routeUpstream arm 2: an unstamped needsDecision at rounds >= 2 routes even BELOW the limit (0.034084ms)
✔ routeUpstream arm 2 precision: an unstamped BLOCKER below the limit does NOT route at rounds >= 2 (0.025959ms)
✔ routeUpstream false below both thresholds (0.027541ms)
✔ routeUpstream keys on the UNSTAMPED subset (F3): a stamped-out set never routes at any rounds (0.0345ms)
✔ routeUpstream: one unstamped needsDecision beside stamped blockers still routes (the subset is per-finding) (0.033584ms)
✔ routeUpstream: absent rounds/roundLimit disable their arms (undefined comparisons are false) (0.038959ms)
✔ routeUpstream: INCOMPLETE outranks — a coverage gap never routes upstream (the invariant holds under every verdict) (0.0435ms)
✔ routeUpstream ⇒ BLOCKED invariant: sweep every verdict arm at rounds far past the limit (0.076791ms)
✔ CLI: rounds/roundLimit input keys are echoed and routeUpstream emitted (arm 1 fires) (42.386458ms)
✔ CLI: arm 2 fires below the limit — an unstamped needsDecision at rounds 2 of 5 (40.8435ms)
✔ CLI: a stamped-out ADJUDICATED run at rounds >= limit emits routeUpstream: false (41.355125ms)
✔ CLI: =-attached flags parse in file mode — the positional scan still finds the results file (41.108167ms)
✔ CLI: a space-separated flag value in file mode is refused by the explicit default-deny check (D10) (41.993083ms)
✔ CLI: an =-attached flag overrides the same input key (the re-pipe carries the fresher count) (43.730292ms)
✔ CLI: coverage is threaded into routeUpstream at the emission site — an INCOMPLETE run emits routeUpstream: false (41.697542ms)
✔ CLI: rounds/roundLimit input keys ride the .result envelope (the working copy carries the whole gate input) (43.702292ms)
✔ CLI: absent-input identity — no rounds inputs ⇒ none of the three keys appear (byte-compat) (43.171083ms)
✔ CLI: a non-integer rounds value refuses loudly — never a silent routeUpstream: false (210.492583ms)
✔ CLI: rounds: null is the documented not-supplied pass-through — exit 0, no rounds key emitted (43.275709ms)
✔ CLI: a --round-limit-only invocation emits roundLimit + routeUpstream while rounds stays absent (the emission disjunct) (42.852042ms)
✔ CLI: --stdin --rounds 3 (space-separated value) refuses loudly — the #1378/F1 production-path repro (End state 1a) (44.831792ms)
✔ CLI: the discriminating bare-token row — --stdin plus a bare token and NO unknown -- token refuses (End state 1b) (40.66575ms)
✔ CLI: a typo'd flag NAME refuses in every mode — default-deny over every -- token outside the known set (End state 2) (142.72175ms)
✔ CLI: the FLAG zero form — --stdin --rounds=0 rounds-only exits 0, echoes rounds: 0, emits routeUpstream: false (End state 3a) (45.918ms)
✔ CLI: the input-KEY zero form — a --stdin payload with top-level rounds: 0 and no flag exits 0, echoes rounds: 0 (End state 3b) (41.355667ms)
✔ doc-guard 5.5(a): lenses.md report template — the **Rounds:** <integer> line sits DIRECTLY under the Verdict line (0.167916ms)
✔ doc-guard 5.5(b): lenses.md carries the ## Route upstream section (0.076417ms)
✔ doc-guard 5.5(c): SKILL.md carries the ADR 0042 trigger pointer onto references/loop-budget.md (0.094625ms)
✔ doc-guard 5.5(d): the retired per-blocker-only ROUNDS accounting wording is absent from SKILL.md Step 5 (0.257167ms)
✔ doc-guard D15: loop-budget.md carries the four-surface End-state-rewrite sweep rule (0.358584ms)
✔ doc-guard D15(pointer): SKILL.md Step 5 carries the ADR 0042 trigger pointer for the rewrite rule (0.190542ms)
✔ doc-guard D8: lenses.md — the **Re-entry:** line is preceded by a blank line (#1366) (0.088791ms)
✔ doc-guard D8: loop-budget.md — the **Re-entry:** line is preceded by a blank line (#1366, fenced block template) (0.035167ms)
✔ doc-guard D8b: the retired refusal-mechanism wording stays absent from the module AND this suite (fail-closed) (0.234ms)
✔ doc-guard D11: the retired escape-guard exit-contract wording stays absent from SKILL.md and lenses.md (fail-closed) (0.347458ms)
ℹ tests 112
ℹ suites 0
ℹ pass 112
ℹ fail 0
ℹ cancelled 0
ℹ skipped 0
ℹ todo 0
ℹ duration_ms 1334.702916
