✔ H2 preserves body sketch and superseding operator comment with explicit precedence (14.352083ms)
✔ unchanged-body control never invents an operator ruling or body amendment (0.985084ms)
✔ all comment pages are retained and operator identity is never inferred from association (0.72525ms)
✔ inaccessible and silently truncated comment sets cannot certify completeness (0.800291ms)
✔ unlisted linked artifact creates an explicit unread gap, including comment-only relative evidence (0.901791ms)
✔ read links need preserved bytes and identity; unavailable links stay visible (0.725375ms)
✔ finite pagination refuses cycles, limits, and cross-origin credential forwarding (0.895041ms)
✔ identity mismatch, malformed comments, repeated IDs, and advertised truncation fail closed (0.592875ms)
✔ source byte limit and deadline retain incomplete outcomes (5.968084ms)
✔ shorthand issue and relative Markdown references are accounted for without fetching (0.14275ms)
✔ a transport that ignores cancellation cannot append evidence after timeout (6.306917ms)
✔ pre-cancelled external signal prevents all issue transport calls (0.178416ms)
✔ external cancellation returns without waiting for a transport that ignores its signal (0.644042ms)
✔ streaming byte limit cancels input as soon as the limit is crossed (0.566166ms)
✔ external cancellation interrupts a stalled streaming read and preserves prior issue evidence (0.328542ms)
✔ known operator measurement and suggestion remain unclassified evidence, never rulings (0.195292ms)
✔ total intake bound spans individually valid response pages (0.210542ms)
✔ rejected oversized linked artifact leaves room for later small evidence (0.193417ms)
✔ known-clean analysis requires actual scoped result and preserves originals (1648.469458ms)
✔ seeded defect is independently confirmed and BLOCKED; stamps cannot enter from seats (1256.803959ms)
✔ no-op cannot certify coverage (1046.673042ms)
✔ off-target cannot certify coverage (1087.135917ms)
✔ missing-evidence cannot certify coverage (1063.181958ms)
✔ false-pass cannot certify coverage (1022.917334ms)
✔ wrong-technique cannot certify coverage (1115.952833ms)
✔ dead confirmation stays incomplete with first finding retained (1324.714708ms)
✔ independent refutation retains both observations and yields notes (1085.428708ms)
✔ initial attempts do not consume optional retries; all selected probes attempted (1405.724208ms)
✔ unsupported or missing profile gives explicit incomplete initialization with no fake attempt (1672.10475ms)
✔ exact inherited profile works; explicit selection takes precedence (955.470542ms)
✔ empty selection, reused evidence and metadata output are refused (1283.5905ms)
✔ dirty state is preserved, not laundered into a passing snapshot (689.058833ms)
✔ linked-worktree proof refs and source edits stay inside independent metadata (1081.264625ms)
✔ escaping symlink refuses provisioning without changing target (346.658292ms)
✔ foreign mutation detected and retained without automatic cleanup (1004.955ms)
✔ cancel before dispatch records incomplete, zero attempted seats (1122.149542ms)
✔ canonical adjudication distinguishes patched from reproven; gaps outrank stamps (0.214083ms)
✔ real transport records JSONL, enforces sandbox args and disables inherited capabilities (569.857125ms)
✔ real successful no-op and malformed JSON transports cannot return a usable result (1217.555417ms)
✔ real timeout and cancellation settle without widening or retry (397.491458ms)
✔ uncertain cleanup retains owned root and forbids a retry (1181.886042ms)
✔ source gaps stay incomplete even when every probe passes (1326.330417ms)
✔ source and environment gaps cannot be erased by canonical gate repipe (1176.780625ms)
✔ mixed findings get independent confirmations and retain only the reproduced blocker (1674.535ms)
✔ target guard detects config without cleanup (1347.127458ms)
✔ target guard detects other-ref without cleanup (1455.10225ms)
✔ target guard detects ignored-content without cleanup (1390.303417ms)
✔ operative scope consistently names isolated repository for probes and confirmation (1392.214208ms)
✔ prompt larger than argv capacity reaches real process stdin with exact bytes (430.018208ms)
✔ confirmation projection contains no live checkout anchor and saved identity is runner-owned (1498.204791ms)
✔ coordinator inspection cannot run a target fsmonitor or clean filter (1553.001917ms)
✔ coordinator checkout does not inherit user-configured smudge filters (427.068416ms)
✔ runner archives raw pages even when duplicated archive is larger than role projection (1142.356042ms)
✔ role overflow keeps every fetched issue page and starts no fabricated attempt (1084.738416ms)
✔ target guard detects dangling-object (1030.458292ms)
✔ target guard detects alternates (945.02925ms)
✔ model provenance cannot hide an independently confirmed Major (1044.545541ms)
✔ mandatory initial probe and candidate attempts precede retries (2869.445709ms)
✔ diagnostic requires explicit enablement and preserves prior output (1689.637ms)
✔ explicit invocation and every packaged reference resolve locally (0.758041ms)
✔ H1 scenario has a real omitted sibling and legitimate different control (0.921708ms)
✔ H3 scenario exposes stale enforcement and a paraphrased obligation (1.517958ms)
✔ H4 routing identifies role-specific references and load triggers (0.292541ms)
✔ H4 full guidance reaches initial and independent confirmation launches (1478.329125ms)
✔ evidence and repair guidance preserve initial attempts and coverage authority (0.170459ms)
✔ host guidance does not conflate fixtures, installation, or independent review (0.088125ms)
✔ host request options exclude unsupported capacity (0.108334ms)
ℹ tests 67
ℹ suites 0
ℹ pass 67
ℹ fail 0
ℹ cancelled 0
ℹ skipped 0
ℹ todo 0
ℹ duration_ms 47136.548875
